=== EWEB Converter Validation ===

